/home/kavia/workspace/code-generation/tictactoe-persistor-62001-5125da7d/tic_tac_toe_backend/venv/lib/python3.12/site-packages/pydantic/_internal/_config.py:373: UserWarning: Valid config keys have changed in V2:
* 'orm_mode' has been renamed to 'from_attributes'
  warnings.warn(message, UserWarning)
INFO:     Started server process [3114]
INFO:     Waiting for application startup.
ERROR:    Traceback (most recent call last):
  File "/home/kavia/workspace/code-generation/tictactoe-persistor-62001-5125da7d/tic_tac_toe_backend/venv/lib/python3.12/site-packages/sqlalchemy/engine/base.py", line 146, in __init__
    self._dbapi_connection = engine.raw_connection()
                             ^^^^^^^^^^^^^^^^^^^^^^^
  File "/home/kavia/workspace/code-generation/tictactoe-persistor-62001-5125da7d/tic_tac_toe_backend/venv/lib/python3.12/site-packages/sqlalchemy/engine/base.py", line 3300, in raw_connection
    return self.pool.connect()
           ^^^^^^^^^^^^^^^^^^^
  File "/home/kavia/workspace/code-generation/tictactoe-persistor-62001-5125da7d/tic_tac_toe_backend/venv/lib/python3.12/site-packages/sqlalchemy/pool/base.py", line 449, in connect
    return _ConnectionFairy._checkout(self)
           ^^^^^^^^^^^^^^^^^^^^^^^^^^^^^^^^
  File "/home/kavia/workspace/code-generation/tictactoe-persistor-62001-5125da7d/tic_tac_toe_backend/venv/lib/python3.12/site-packages/sqlalchemy/pool/base.py", line 1263, in _checkout
    fairy = _ConnectionRecord.checkout(pool)
            ^^^^^^^^^^^^^^^^^^^^^^^^^^^^^^^^
  File "/home/kavia/workspace/code-generation/tictactoe-persistor-62001-5125da7d/tic_tac_toe_backend/venv/lib/python3.12/site-packages/sqlalchemy/pool/base.py", line 712, in checkout
    rec = pool._do_get()
          ^^^^^^^^^^^^^^
  File "/home/kavia/workspace/code-generation/tictactoe-persistor-62001-5125da7d/tic_tac_toe_backend/venv/lib/python3.12/site-packages/sqlalchemy/pool/impl.py", line 179, in _do_get
    with util.safe_reraise():
  File "/home/kavia/workspace/code-generation/tictactoe-persistor-62001-5125da7d/tic_tac_toe_backend/venv/lib/python3.12/site-packages/sqlalchemy/util/langhelpers.py", line 146, in __exit__
    raise exc_value.with_traceback(exc_tb)
  File "/home/kavia/workspace/code-generation/tictactoe-persistor-62001-5125da7d/tic_tac_toe_backend/venv/lib/python3.12/site-packages/sqlalchemy/pool/impl.py", line 177, in _do_get
    return self._create_connection()
           ^^^^^^^^^^^^^^^^^^^^^^^^^
  File "/home/kavia/workspace/code-generation/tictactoe-persistor-62001-5125da7d/tic_tac_toe_backend/venv/lib/python3.12/site-packages/sqlalchemy/pool/base.py", line 390, in _create_connection
    return _ConnectionRecord(self)
           ^^^^^^^^^^^^^^^^^^^^^^^
  File "/home/kavia/workspace/code-generation/tictactoe-persistor-62001-5125da7d/tic_tac_toe_backend/venv/lib/python3.12/site-packages/sqlalchemy/pool/base.py", line 674, in __init__
    self.__connect()
  File "/home/kavia/workspace/code-generation/tictactoe-persistor-62001-5125da7d/tic_tac_toe_backend/venv/lib/python3.12/site-packages/sqlalchemy/pool/base.py", line 900, in __connect
    with util.safe_reraise():
  File "/home/kavia/workspace/code-generation/tictactoe-persistor-62001-5125da7d/tic_tac_toe_backend/venv/lib/python3.12/site-packages/sqlalchemy/util/langhelpers.py", line 146, in __exit__
    raise exc_value.with_traceback(exc_tb)
  File "/home/kavia/workspace/code-generation/tictactoe-persistor-62001-5125da7d/tic_tac_toe_backend/venv/lib/python3.12/site-packages/sqlalchemy/pool/base.py", line 896, in __connect
    self.dbapi_connection = connection = pool._invoke_creator(self)
                                         ^^^^^^^^^^^^^^^^^^^^^^^^^^
  File "/home/kavia/workspace/code-generation/tictactoe-persistor-62001-5125da7d/tic_tac_toe_backend/venv/lib/python3.12/site-packages/sqlalchemy/engine/create.py", line 643, in connect
    return dialect.connect(*cargs, **cparams)
           ^^^^^^^^^^^^^^^^^^^^^^^^^^^^^^^^^^
  File "/home/kavia/workspace/code-generation/tictactoe-persistor-62001-5125da7d/tic_tac_toe_backend/venv/lib/python3.12/site-packages/sqlalchemy/engine/default.py", line 620, in connect
    return self.loaded_dbapi.connect(*cargs, **cparams)
           ^^^^^^^^^^^^^^^^^^^^^^^^^^^^^^^^^^^^^^^^^^^^
  File "/home/kavia/workspace/code-generation/tictactoe-persistor-62001-5125da7d/tic_tac_toe_backend/venv/lib/python3.12/site-packages/psycopg2/__init__.py", line 122, in connect
    conn = _connect(dsn, connection_factory=connection_factory, **kwasync)
           ^^^^^^^^^^^^^^^^^^^^^^^^^^^^^^^^^^^^^^^^^^^^^^^^^^^^^^^^^^^^^^^
psycopg2.OperationalError: connection to server at "localhost" (::1), port 5000 failed: FATAL:  role "kavia" does not exist


The above exception was the direct cause of the following exception:

Traceback (most recent call last):
  File "/home/kavia/workspace/code-generation/tictactoe-persistor-62001-5125da7d/tic_tac_toe_backend/venv/lib/python3.12/site-packages/starlette/routing.py", line 692, in lifespan
    async with self.lifespan_context(app) as maybe_state:
  File "/home/kavia/workspace/code-generation/tictactoe-persistor-62001-5125da7d/tic_tac_toe_backend/venv/lib/python3.12/site-packages/starlette/routing.py", line 569, in __aenter__
    await self._router.startup()
  File "/home/kavia/workspace/code-generation/tictactoe-persistor-62001-5125da7d/tic_tac_toe_backend/venv/lib/python3.12/site-packages/starlette/routing.py", line 671, in startup
    handler()
  File "/home/kavia/workspace/code-generation/tictactoe-persistor-62001-5125da7d/tic_tac_toe_backend/src/api/main.py", line 35, in on_startup
    init_db()
  File "/home/kavia/workspace/code-generation/tictactoe-persistor-62001-5125da7d/tic_tac_toe_backend/src/api/db.py", line 22, in init_db
    Base.metadata.create_all(bind=engine)
  File "/home/kavia/workspace/code-generation/tictactoe-persistor-62001-5125da7d/tic_tac_toe_backend/venv/lib/python3.12/site-packages/sqlalchemy/sql/schema.py", line 5857, in create_all
    bind._run_ddl_visitor(
  File "/home/kavia/workspace/code-generation/tictactoe-persistor-62001-5125da7d/tic_tac_toe_backend/venv/lib/python3.12/site-packages/sqlalchemy/engine/base.py", line 3250, in _run_ddl_visitor
    with self.begin() as conn:
  File "/usr/lib/python3.12/contextlib.py", line 137, in __enter__
    return next(self.gen)
           ^^^^^^^^^^^^^^
  File "/home/kavia/workspace/code-generation/tictactoe-persistor-62001-5125da7d/tic_tac_toe_backend/venv/lib/python3.12/site-packages/sqlalchemy/engine/base.py", line 3240, in begin
    with self.connect() as conn:
         ^^^^^^^^^^^^^^
  File "/home/kavia/workspace/code-generation/tictactoe-persistor-62001-5125da7d/tic_tac_toe_backend/venv/lib/python3.12/site-packages/sqlalchemy/engine/base.py", line 3276, in connect
    return self._connection_cls(self)
           ^^^^^^^^^^^^^^^^^^^^^^^^^^
  File "/home/kavia/workspace/code-generation/tictactoe-persistor-62001-5125da7d/tic_tac_toe_backend/venv/lib/python3.12/site-packages/sqlalchemy/engine/base.py", line 148, in __init__
    Connection._handle_dbapi_exception_noconnection(
  File "/home/kavia/workspace/code-generation/tictactoe-persistor-62001-5125da7d/tic_tac_toe_backend/venv/lib/python3.12/site-packages/sqlalchemy/engine/base.py", line 2440, in _handle_dbapi_exception_noconnection
    raise sqlalchemy_exception.with_traceback(exc_info[2]) from e
  File "/home/kavia/workspace/code-generation/tictactoe-persistor-62001-5125da7d/tic_tac_toe_backend/venv/lib/python3.12/site-packages/sqlalchemy/engine/base.py", line 146, in __init__
    self._dbapi_connection = engine.raw_connection()
                             ^^^^^^^^^^^^^^^^^^^^^^^
  File "/home/kavia/workspace/code-generation/tictactoe-persistor-62001-5125da7d/tic_tac_toe_backend/venv/lib/python3.12/site-packages/sqlalchemy/engine/base.py", line 3300, in raw_connection
    return self.pool.connect()
           ^^^^^^^^^^^^^^^^^^^
  File "/home/kavia/workspace/code-generation/tictactoe-persistor-62001-5125da7d/tic_tac_toe_backend/venv/lib/python3.12/site-packages/sqlalchemy/pool/base.py", line 449, in connect
    return _ConnectionFairy._checkout(self)
           ^^^^^^^^^^^^^^^^^^^^^^^^^^^^^^^^
  File "/home/kavia/workspace/code-generation/tictactoe-persistor-62001-5125da7d/tic_tac_toe_backend/venv/lib/python3.12/site-packages/sqlalchemy/pool/base.py", line 1263, in _checkout
    fairy = _ConnectionRecord.checkout(pool)
            ^^^^^^^^^^^^^^^^^^^^^^^^^^^^^^^^
  File "/home/kavia/workspace/code-generation/tictactoe-persistor-62001-5125da7d/tic_tac_toe_backend/venv/lib/python3.12/site-packages/sqlalchemy/pool/base.py", line 712, in checkout
    rec = pool._do_get()
          ^^^^^^^^^^^^^^
  File "/home/kavia/workspace/code-generation/tictactoe-persistor-62001-5125da7d/tic_tac_toe_backend/venv/lib/python3.12/site-packages/sqlalchemy/pool/impl.py", line 179, in _do_get
    with util.safe_reraise():
  File "/home/kavia/workspace/code-generation/tictactoe-persistor-62001-5125da7d/tic_tac_toe_backend/venv/lib/python3.12/site-packages/sqlalchemy/util/langhelpers.py", line 146, in __exit__
    raise exc_value.with_traceback(exc_tb)
  File "/home/kavia/workspace/code-generation/tictactoe-persistor-62001-5125da7d/tic_tac_toe_backend/venv/lib/python3.12/site-packages/sqlalchemy/pool/impl.py", line 177, in _do_get
    return self._create_connection()
           ^^^^^^^^^^^^^^^^^^^^^^^^^
  File "/home/kavia/workspace/code-generation/tictactoe-persistor-62001-5125da7d/tic_tac_toe_backend/venv/lib/python3.12/site-packages/sqlalchemy/pool/base.py", line 390, in _create_connection
    return _ConnectionRecord(self)
           ^^^^^^^^^^^^^^^^^^^^^^^
  File "/home/kavia/workspace/code-generation/tictactoe-persistor-62001-5125da7d/tic_tac_toe_backend/venv/lib/python3.12/site-packages/sqlalchemy/pool/base.py", line 674, in __init__
    self.__connect()
  File "/home/kavia/workspace/code-generation/tictactoe-persistor-62001-5125da7d/tic_tac_toe_backend/venv/lib/python3.12/site-packages/sqlalchemy/pool/base.py", line 900, in __connect
    with util.safe_reraise():
  File "/home/kavia/workspace/code-generation/tictactoe-persistor-62001-5125da7d/tic_tac_toe_backend/venv/lib/python3.12/site-packages/sqlalchemy/util/langhelpers.py", line 146, in __exit__
    raise exc_value.with_traceback(exc_tb)
  File "/home/kavia/workspace/code-generation/tictactoe-persistor-62001-5125da7d/tic_tac_toe_backend/venv/lib/python3.12/site-packages/sqlalchemy/pool/base.py", line 896, in __connect
    self.dbapi_connection = connection = pool._invoke_creator(self)
                                         ^^^^^^^^^^^^^^^^^^^^^^^^^^
  File "/home/kavia/workspace/code-generation/tictactoe-persistor-62001-5125da7d/tic_tac_toe_backend/venv/lib/python3.12/site-packages/sqlalchemy/engine/create.py", line 643, in connect
    return dialect.connect(*cargs, **cparams)
           ^^^^^^^^^^^^^^^^^^^^^^^^^^^^^^^^^^
  File "/home/kavia/workspace/code-generation/tictactoe-persistor-62001-5125da7d/tic_tac_toe_backend/venv/lib/python3.12/site-packages/sqlalchemy/engine/default.py", line 620, in connect
    return self.loaded_dbapi.connect(*cargs, **cparams)
           ^^^^^^^^^^^^^^^^^^^^^^^^^^^^^^^^^^^^^^^^^^^^
  File "/home/kavia/workspace/code-generation/tictactoe-persistor-62001-5125da7d/tic_tac_toe_backend/venv/lib/python3.12/site-packages/psycopg2/__init__.py", line 122, in connect
    conn = _connect(dsn, connection_factory=connection_factory, **kwasync)
           ^^^^^^^^^^^^^^^^^^^^^^^^^^^^^^^^^^^^^^^^^^^^^^^^^^^^^^^^^^^^^^^
sqlalchemy.exc.OperationalError: (psycopg2.OperationalError) connection to server at "localhost" (::1), port 5000 failed: FATAL:  role "kavia" does not exist

(Background on this error at: https://sqlalche.me/e/20/e3q8)

ERROR:    Application startup failed. Exiting.
